[0.000000] (-) TimerEvent: {}
[0.000261] (-) JobUnselected: {'identifier': 'test'}
[0.000328] (tutorial_interfaces) JobQueued: {'identifier': 'tutorial_interfaces', 'dependencies': OrderedDict()}
[0.000364] (tutorial_interfaces) JobStarted: {'identifier': 'tutorial_interfaces'}
[0.019397] (tutorial_interfaces) JobProgress: {'identifier': 'tutorial_interfaces', 'progress': 'cmake'}
[0.019581] (tutorial_interfaces) Command: {'cmd': ['/usr/bin/cmake', '/home/htootayzaaung/ROS2/workspace/src/tutorial_interfaces', '-DCMAKE_INSTALL_PREFIX=/home/htootayzaaung/ROS2/workspace/install/tutorial_interfaces'], 'cwd': '/home/htootayzaaung/ROS2/workspace/build/tutorial_interfaces', 'env': OrderedDict([('LESSOPEN', '| /usr/bin/lesspipe %s'), ('USER', 'htootayzaaung'), ('XDG_SESSION_TYPE', 'wayland'), ('SHLVL', '3'), ('LD_LIBRARY_PATH', '/opt/ros/humble/opt/rviz_ogre_vendor/lib:/opt/ros/humble/lib/x86_64-linux-gnu:/opt/ros/humble/lib'), ('LESS', '-R'), ('HOME', '/home/htootayzaaung'), ('CONDA_SHLVL', '0'), ('OLDPWD', '/home/htootayzaaung/ROS2/workspace/src'), ('DESKTOP_SESSION', 'ubuntu'), ('LSCOLORS', 'Gxfxcxdxbxegedabagacad'), ('ZSH', '/home/htootayzaaung/.oh-my-zsh'), ('ROS_PYTHON_VERSION', '3'), ('GNOME_SHELL_SESSION_MODE', 'ubuntu'), ('GTK_MODULES', 'gail:atk-bridge:appmenu-gtk-module'), ('PAGER', 'less'), ('DBUS_STARTER_BUS_TYPE', 'session'), ('SYSTEMD_EXEC_PID', '2015'), ('DBUS_SESSION_BUS_ADDRESS', 'unix:path=/run/user/1000/bus,guid=0449503f532cd5e04af0daff64a40431'), ('COLORTERM', 'truecolor'), ('_CE_M', ''), ('IM_CONFIG_PHASE', '1'), ('WAYLAND_DISPLAY', 'wayland-0'), ('COLCON_PREFIX_PATH', '/home/htootayzaaung/ROS2/workspace/install'), ('ROS_DISTRO', 'humble'), ('LOGNAME', 'htootayzaaung'), ('_', '/usr/bin/colcon'), ('ROS_VERSION', '2'), ('XDG_SESSION_CLASS', 'user'), ('USERNAME', 'htootayzaaung'), ('TERM', 'xterm-256color'), ('GNOME_DESKTOP_SESSION_ID', 'this-is-deprecated'), ('_CE_CONDA', ''), ('ROS_LOCALHOST_ONLY', '0'), ('PATH', '/home/htootayzaaung/.local/bin:/home/htootayzaaung/anaconda3/condabin:/home/htootayzaaung/.local/bin:/opt/ros/humble/bin:/home/htootayzaaung/.local/bin:/usr/local/sbin:/usr/local/bin:/usr/sbin:/usr/bin:/sbin:/bin:/usr/games:/usr/local/games:/snap/bin:/snap/bin'), ('SESSION_MANAGER', 'local/MSI:@/tmp/.ICE-unix/2015,unix/MSI:/tmp/.ICE-unix/2015'), ('XDG_MENU_PREFIX', 'gnome-'), ('GNOME_TERMINAL_SCREEN', '/org/gnome/Terminal/screen/67f49bf8_5f81_49f1_bf2c_c7627defe03b'), ('GNOME_SETUP_DISPLAY', ':1'), ('XDG_RUNTIME_DIR', '/run/user/1000'), ('DISPLAY', ':0'), ('LANG', 'en_US.UTF-8'), ('XDG_CURRENT_DESKTOP', 'ubuntu:GNOME'), ('XMODIFIERS', '@im=ibus'), ('XDG_SESSION_DESKTOP', 'ubuntu'), ('XAUTHORITY', '/run/user/1000/.mutter-Xwaylandauth.7VRQ71'), ('LS_COLORS', 'rs=0:di=01;34:ln=01;36:mh=00:pi=40;33:so=01;35:do=01;35:bd=40;33;01:cd=40;33;01:or=40;31;01:mi=00:su=37;41:sg=30;43:ca=30;41:tw=30;42:ow=34;42:st=37;44:ex=01;32:*.tar=01;31:*.tgz=01;31:*.arc=01;31:*.arj=01;31:*.taz=01;31:*.lha=01;31:*.lz4=01;31:*.lzh=01;31:*.lzma=01;31:*.tlz=01;31:*.txz=01;31:*.tzo=01;31:*.t7z=01;31:*.zip=01;31:*.z=01;31:*.dz=01;31:*.gz=01;31:*.lrz=01;31:*.lz=01;31:*.lzo=01;31:*.xz=01;31:*.zst=01;31:*.tzst=01;31:*.bz2=01;31:*.bz=01;31:*.tbz=01;31:*.tbz2=01;31:*.tz=01;31:*.deb=01;31:*.rpm=01;31:*.jar=01;31:*.war=01;31:*.ear=01;31:*.sar=01;31:*.rar=01;31:*.alz=01;31:*.ace=01;31:*.zoo=01;31:*.cpio=01;31:*.7z=01;31:*.rz=01;31:*.cab=01;31:*.wim=01;31:*.swm=01;31:*.dwm=01;31:*.esd=01;31:*.jpg=01;35:*.jpeg=01;35:*.mjpg=01;35:*.mjpeg=01;35:*.gif=01;35:*.bmp=01;35:*.pbm=01;35:*.pgm=01;35:*.ppm=01;35:*.tga=01;35:*.xbm=01;35:*.xpm=01;35:*.tif=01;35:*.tiff=01;35:*.png=01;35:*.svg=01;35:*.svgz=01;35:*.mng=01;35:*.pcx=01;35:*.mov=01;35:*.mpg=01;35:*.mpeg=01;35:*.m2v=01;35:*.mkv=01;35:*.webm=01;35:*.webp=01;35:*.ogm=01;35:*.mp4=01;35:*.m4v=01;35:*.mp4v=01;35:*.vob=01;35:*.qt=01;35:*.nuv=01;35:*.wmv=01;35:*.asf=01;35:*.rm=01;35:*.rmvb=01;35:*.flc=01;35:*.avi=01;35:*.fli=01;35:*.flv=01;35:*.gl=01;35:*.dl=01;35:*.xcf=01;35:*.xwd=01;35:*.yuv=01;35:*.cgm=01;35:*.emf=01;35:*.ogv=01;35:*.ogx=01;35:*.aac=00;36:*.au=00;36:*.flac=00;36:*.m4a=00;36:*.mid=00;36:*.midi=00;36:*.mka=00;36:*.mp3=00;36:*.mpc=00;36:*.ogg=00;36:*.ra=00;36:*.wav=00;36:*.oga=00;36:*.opus=00;36:*.spx=00;36:*.xspf=00;36:'), ('GNOME_TERMINAL_SERVICE', ':1.137'), ('SSH_AGENT_LAUNCHER', 'gnome-keyring'), ('SSH_AUTH_SOCK', '/run/user/1000/keyring/ssh'), ('ROS_DOMAIN_ID', '13'), ('AMENT_PREFIX_PATH', '/home/htootayzaaung/ROS2/workspace/install/test:/opt/ros/humble'), ('CONDA_PYTHON_EXE', '/home/htootayzaaung/anaconda3/bin/python'), ('SHELL', '/bin/bash'), ('QT_ACCESSIBILITY', '1'), ('GDMSESSION', 'ubuntu'), ('LESSCLOSE', '/usr/bin/lesspipe %s %s'), ('QT_IM_MODULE', 'ibus'), ('PWD', '/home/htootayzaaung/ROS2/workspace/build/tutorial_interfaces'), ('LC_ALL', 'en_US.UTF-8'), ('XDG_CONFIG_DIRS', '/etc/xdg/xdg-ubuntu:/etc/xdg'), ('CONDA_EXE', '/home/htootayzaaung/anaconda3/bin/conda'), ('DBUS_STARTER_ADDRESS', 'unix:path=/run/user/1000/bus,guid=0449503f532cd5e04af0daff64a40431'), ('XDG_DATA_DIRS', '/usr/share/ubuntu:/usr/local/share/:/usr/share/:/var/lib/snapd/desktop'), ('PYTHONPATH', '/opt/ros/humble/lib/python3.10/site-packages:/opt/ros/humble/local/lib/python3.10/dist-packages'), ('COLCON', '1'), ('VTE_VERSION', '6800'), ('CMAKE_PREFIX_PATH', '/home/htootayzaaung/ROS2/workspace/install/test')]), 'shell': False}
[0.098443] (-) TimerEvent: {}
[0.173417] (tutorial_interfaces) StdoutLine: {'line': b'-- The C compiler identification is GNU 11.3.0\n'}
[0.198553] (-) TimerEvent: {}
[0.298870] (-) TimerEvent: {}
[0.304651] (tutorial_interfaces) StdoutLine: {'line': b'-- The CXX compiler identification is GNU 11.3.0\n'}
[0.320559] (tutorial_interfaces) StdoutLine: {'line': b'-- Detecting C compiler ABI info\n'}
[0.398994] (-) TimerEvent: {}
[0.424749] (tutorial_interfaces) StdoutLine: {'line': b'-- Detecting C compiler ABI info - done\n'}
[0.440569] (tutorial_interfaces) StdoutLine: {'line': b'-- Check for working C compiler: /usr/bin/cc - skipped\n'}
[0.441479] (tutorial_interfaces) StdoutLine: {'line': b'-- Detecting C compile features\n'}
[0.442801] (tutorial_interfaces) StdoutLine: {'line': b'-- Detecting C compile features - done\n'}
[0.448707] (tutorial_interfaces) StdoutLine: {'line': b'-- Detecting CXX compiler ABI info\n'}
[0.499110] (-) TimerEvent: {}
[0.562529] (tutorial_interfaces) StdoutLine: {'line': b'-- Detecting CXX compiler ABI info - done\n'}
[0.576005] (tutorial_interfaces) StdoutLine: {'line': b'-- Check for working CXX compiler: /usr/bin/c++ - skipped\n'}
[0.576532] (tutorial_interfaces) StdoutLine: {'line': b'-- Detecting CXX compile features\n'}
[0.577358] (tutorial_interfaces) StdoutLine: {'line': b'-- Detecting CXX compile features - done\n'}
[0.586216] (tutorial_interfaces) StdoutLine: {'line': b'-- Found ament_cmake: 1.3.4 (/opt/ros/humble/share/ament_cmake/cmake)\n'}
[0.599234] (-) TimerEvent: {}
[0.699606] (-) TimerEvent: {}
[0.799927] (-) TimerEvent: {}
[0.859522] (tutorial_interfaces) StdoutLine: {'line': b'-- Found Python3: /usr/bin/python3.10 (found version "3.10.6") found components: Interpreter \n'}
[0.900040] (-) TimerEvent: {}
[1.000447] (-) TimerEvent: {}
[1.027407] (tutorial_interfaces) StdoutLine: {'line': b'-- Found geometry_msgs: 4.2.3 (/opt/ros/humble/share/geometry_msgs/cmake)\n'}
[1.100570] (-) TimerEvent: {}
[1.107603] (tutorial_interfaces) StdoutLine: {'line': b'-- Found rosidl_generator_c: 3.1.4 (/opt/ros/humble/share/rosidl_generator_c/cmake)\n'}
[1.116820] (tutorial_interfaces) StdoutLine: {'line': b'-- Found rosidl_adapter: 3.1.4 (/opt/ros/humble/share/rosidl_adapter/cmake)\n'}
[1.134123] (tutorial_interfaces) StdoutLine: {'line': b'-- Found rosidl_generator_cpp: 3.1.4 (/opt/ros/humble/share/rosidl_generator_cpp/cmake)\n'}
[1.162244] (tutorial_interfaces) StdoutLine: {'line': b'-- Using all available rosidl_typesupport_c: rosidl_typesupport_fastrtps_c;rosidl_typesupport_introspection_c\n'}
[1.197381] (tutorial_interfaces) StdoutLine: {'line': b'-- Using all available rosidl_typesupport_cpp: rosidl_typesupport_fastrtps_cpp;rosidl_typesupport_introspection_cpp\n'}
[1.200683] (-) TimerEvent: {}
[1.300976] (-) TimerEvent: {}
[1.391540] (tutorial_interfaces) StdoutLine: {'line': b'-- Found rosidl_default_generators: 1.2.0 (/opt/ros/humble/share/rosidl_default_generators/cmake)\n'}
[1.401115] (-) TimerEvent: {}
[1.501427] (-) TimerEvent: {}
[1.601754] (-) TimerEvent: {}
[1.702051] (-) TimerEvent: {}
[1.705934] (tutorial_interfaces) StderrLine: {'line': b"Error parsing '/home/htootayzaaung/ROS2/workspace/src/tutorial_interfaces/package.xml':\n"}
[1.781274] (tutorial_interfaces) StderrLine: {'line': b'Traceback (most recent call last):\n'}
[1.781538] (tutorial_interfaces) StderrLine: {'line': b'  File "/usr/lib/python3/dist-packages/catkin_pkg/package.py", line 610, in parse_package_string\n'}
[1.792852] (tutorial_interfaces) StderrLine: {'line': b'    root = dom.parseString(data)\n'}
[1.793182] (tutorial_interfaces) StderrLine: {'line': b'  File "/usr/lib/python3.10/xml/dom/minidom.py", line 1998, in parseString\n'}
[1.793948] (tutorial_interfaces) StderrLine: {'line': b'    return expatbuilder.parseString(string)\n'}
[1.794193] (tutorial_interfaces) StderrLine: {'line': b'  File "/usr/lib/python3.10/xml/dom/expatbuilder.py", line 925, in parseString\n'}
[1.794671] (tutorial_interfaces) StderrLine: {'line': b'    return builder.parseString(string)\n'}
[1.794865] (tutorial_interfaces) StderrLine: {'line': b'  File "/usr/lib/python3.10/xml/dom/expatbuilder.py", line 223, in parseString\n'}
[1.795216] (tutorial_interfaces) StderrLine: {'line': b'    parser.Parse(string, True)\n'}
[1.795518] (tutorial_interfaces) StderrLine: {'line': b'xml.parsers.expat.ExpatError: mismatched tag: line 26, column 2\n'}
[1.795696] (tutorial_interfaces) StderrLine: {'line': b'\n'}
[1.795944] (tutorial_interfaces) StderrLine: {'line': b'During handling of the above exception, another exception occurred:\n'}
[1.796100] (tutorial_interfaces) StderrLine: {'line': b'\n'}
[1.796246] (tutorial_interfaces) StderrLine: {'line': b'Traceback (most recent call last):\n'}
[1.796391] (tutorial_interfaces) StderrLine: {'line': b'  File "/opt/ros/humble/share/ament_cmake_core/cmake/core/package_xml_2_cmake.py", line 150, in <module>\n'}
[1.796544] (tutorial_interfaces) StderrLine: {'line': b'    main()\n'}
[1.796701] (tutorial_interfaces) StderrLine: {'line': b'  File "/opt/ros/humble/share/ament_cmake_core/cmake/core/package_xml_2_cmake.py", line 53, in main\n'}
[1.796852] (tutorial_interfaces) StderrLine: {'line': b'    raise e\n'}
[1.797007] (tutorial_interfaces) StderrLine: {'line': b'  File "/opt/ros/humble/share/ament_cmake_core/cmake/core/package_xml_2_cmake.py", line 49, in main\n'}
[1.797165] (tutorial_interfaces) StderrLine: {'line': b'    package = parse_package_string(\n'}
[1.797302] (tutorial_interfaces) StderrLine: {'line': b'  File "/usr/lib/python3/dist-packages/catkin_pkg/package.py", line 612, in parse_package_string\n'}
[1.797453] (tutorial_interfaces) StderrLine: {'line': b"    raise InvalidPackage('The manifest contains invalid XML:\\n%s' % ex, filename)\n"}
[1.797624] (tutorial_interfaces) StderrLine: {'line': b"catkin_pkg.package.InvalidPackage: Error(s) in package '/home/htootayzaaung/ROS2/workspace/src/tutorial_interfaces/package.xml':\n"}
[1.797780] (tutorial_interfaces) StderrLine: {'line': b'The manifest contains invalid XML:\n'}
[1.797929] (tutorial_interfaces) StderrLine: {'line': b'mismatched tag: line 26, column 2\n'}
[1.802174] (-) TimerEvent: {}
[1.822161] (tutorial_interfaces) StderrLine: {'line': b'\x1b[31mCMake Error at /opt/ros/humble/share/ament_cmake_core/cmake/core/ament_package_xml.cmake:95 (message):\n'}
[1.822543] (tutorial_interfaces) StderrLine: {'line': b'  execute_process(/usr/bin/python3.10\n'}
[1.822656] (tutorial_interfaces) StderrLine: {'line': b'  /opt/ros/humble/share/ament_cmake_core/cmake/core/package_xml_2_cmake.py\n'}
[1.822752] (tutorial_interfaces) StderrLine: {'line': b'  /home/htootayzaaung/ROS2/workspace/src/tutorial_interfaces/package.xml\n'}
[1.822846] (tutorial_interfaces) StderrLine: {'line': b'  /home/htootayzaaung/ROS2/workspace/build/tutorial_interfaces/ament_cmake_core/package.cmake)\n'}
[1.822939] (tutorial_interfaces) StderrLine: {'line': b'  returned error code 1\n'}
[1.823043] (tutorial_interfaces) StderrLine: {'line': b'Call Stack (most recent call first):\n'}
[1.823132] (tutorial_interfaces) StderrLine: {'line': b'  /opt/ros/humble/share/ament_cmake_core/cmake/core/ament_package_xml.cmake:49 (_ament_package_xml)\n'}
[1.823227] (tutorial_interfaces) StderrLine: {'line': b'  /opt/ros/humble/share/rosidl_cmake/cmake/rosidl_generate_interfaces.cmake:226 (ament_package_xml)\n'}
[1.823316] (tutorial_interfaces) StderrLine: {'line': b'  CMakeLists.txt:13 (rosidl_generate_interfaces)\n'}
[1.823404] (tutorial_interfaces) StderrLine: {'line': b'\n'}
[1.823492] (tutorial_interfaces) StderrLine: {'line': b'\x1b[0m\n'}
[1.823580] (tutorial_interfaces) StdoutLine: {'line': b'-- Configuring incomplete, errors occurred!\n'}
[1.823680] (tutorial_interfaces) StdoutLine: {'line': b'See also "/home/htootayzaaung/ROS2/workspace/build/tutorial_interfaces/CMakeFiles/CMakeOutput.log".\n'}
[1.835556] (tutorial_interfaces) CommandEnded: {'returncode': 1}
[1.836895] (tutorial_interfaces) JobEnded: {'identifier': 'tutorial_interfaces', 'rc': 1}
[1.847727] (-) EventReactorShutdown: {}
