[0.018s] Invoking command in '/home/htootayzaaung/ROS2/workspace/build/client_server': /usr/bin/cmake --build /home/htootayzaaung/ROS2/workspace/build/client_server -- -j8 -l8
[0.047s] -- Found ament_cmake: 1.3.4 (/opt/ros/humble/share/ament_cmake/cmake)
[0.238s] -- Found rclcpp: 16.0.4 (/opt/ros/humble/share/rclcpp/cmake)
[0.279s] -- Found rosidl_generator_c: 3.1.4 (/opt/ros/humble/share/rosidl_generator_c/cmake)
[0.283s] -- Found rosidl_adapter: 3.1.4 (/opt/ros/humble/share/rosidl_adapter/cmake)
[0.291s] -- Found rosidl_generator_cpp: 3.1.4 (/opt/ros/humble/share/rosidl_generator_cpp/cmake)
[0.306s] -- Using all available rosidl_typesupport_c: rosidl_typesupport_fastrtps_c;rosidl_typesupport_introspection_c
[0.328s] -- Using all available rosidl_typesupport_cpp: rosidl_typesupport_fastrtps_cpp;rosidl_typesupport_introspection_cpp
[0.411s] -- Found rmw_implementation_cmake: 6.1.1 (/opt/ros/humble/share/rmw_implementation_cmake/cmake)
[0.413s] -- Found rmw_fastrtps_cpp: 6.2.2 (/opt/ros/humble/share/rmw_fastrtps_cpp/cmake)
[0.585s] -- Using RMW implementation 'rmw_fastrtps_cpp' as default
[0.807s] -- Found geometry_msgs: 4.2.3 (/opt/ros/humble/share/geometry_msgs/cmake)
[0.868s] -- Found rosidl_default_generators: 1.2.0 (/opt/ros/humble/share/rosidl_default_generators/cmake)
[1.139s] Error parsing '/home/htootayzaaung/ROS2/workspace/src/client_server/package.xml':
[1.201s] Traceback (most recent call last):
[1.201s]   File "/usr/lib/python3/dist-packages/catkin_pkg/package.py", line 610, in parse_package_string
[1.201s]     root = dom.parseString(data)
[1.201s]   File "/usr/lib/python3.10/xml/dom/minidom.py", line 1998, in parseString
[1.201s]     return expatbuilder.parseString(string)
[1.201s]   File "/usr/lib/python3.10/xml/dom/expatbuilder.py", line 925, in parseString
[1.201s]     return builder.parseString(string)
[1.202s]   File "/usr/lib/python3.10/xml/dom/expatbuilder.py", line 223, in parseString
[1.202s]     parser.Parse(string, True)
[1.202s] xml.parsers.expat.ExpatError: no element found: line 26, column 0
[1.202s] 
[1.202s] During handling of the above exception, another exception occurred:
[1.202s] 
[1.202s] Traceback (most recent call last):
[1.202s]   File "/opt/ros/humble/share/ament_cmake_core/cmake/core/package_xml_2_cmake.py", line 150, in <module>
[1.202s]     main()
[1.202s]   File "/opt/ros/humble/share/ament_cmake_core/cmake/core/package_xml_2_cmake.py", line 53, in main
[1.203s]     raise e
[1.203s]   File "/opt/ros/humble/share/ament_cmake_core/cmake/core/package_xml_2_cmake.py", line 49, in main
[1.203s]     package = parse_package_string(
[1.203s]   File "/usr/lib/python3/dist-packages/catkin_pkg/package.py", line 612, in parse_package_string
[1.203s]     raise InvalidPackage('The manifest contains invalid XML:\n%s' % ex, filename)
[1.203s] catkin_pkg.package.InvalidPackage: Error(s) in package '/home/htootayzaaung/ROS2/workspace/src/client_server/package.xml':
[1.203s] The manifest contains invalid XML:
[1.203s] no element found: line 26, column 0
[1.219s] [31mCMake Error at /opt/ros/humble/share/ament_cmake_core/cmake/core/ament_package_xml.cmake:95 (message):
[1.219s]   execute_process(/usr/bin/python3.10
[1.219s]   /opt/ros/humble/share/ament_cmake_core/cmake/core/package_xml_2_cmake.py
[1.220s]   /home/htootayzaaung/ROS2/workspace/src/client_server/package.xml
[1.220s]   /home/htootayzaaung/ROS2/workspace/build/client_server/ament_cmake_core/package.cmake)
[1.220s]   returned error code 1
[1.220s] Call Stack (most recent call first):
[1.220s]   /opt/ros/humble/share/ament_cmake_core/cmake/core/ament_package_xml.cmake:49 (_ament_package_xml)
[1.220s]   /opt/ros/humble/share/rosidl_cmake/cmake/rosidl_generate_interfaces.cmake:226 (ament_package_xml)
[1.220s]   CMakeLists.txt:15 (rosidl_generate_interfaces)
[1.220s] 
[1.220s] [0m
[1.221s] -- Configuring incomplete, errors occurred!
[1.221s] See also "/home/htootayzaaung/ROS2/workspace/build/client_server/CMakeFiles/CMakeOutput.log".
[1.229s] gmake: *** [Makefile:1261: cmake_check_build_system] Error 1
[1.232s] Invoked command in '/home/htootayzaaung/ROS2/workspace/build/client_server' returned '2': /usr/bin/cmake --build /home/htootayzaaung/ROS2/workspace/build/client_server -- -j8 -l8
