[0.020s] Invoking command in '/home/htootayzaaung/ROS2/workspace/build/tutorial_interfaces': /usr/bin/cmake /home/htootayzaaung/ROS2/workspace/src/tutorial_interfaces -DCMAKE_INSTALL_PREFIX=/home/htootayzaaung/ROS2/workspace/install/tutorial_interfaces
[0.173s] -- The C compiler identification is GNU 11.3.0
[0.304s] -- The CXX compiler identification is GNU 11.3.0
[0.320s] -- Detecting C compiler ABI info
[0.425s] -- Detecting C compiler ABI info - done
[0.440s] -- Check for working C compiler: /usr/bin/cc - skipped
[0.441s] -- Detecting C compile features
[0.443s] -- Detecting C compile features - done
[0.448s] -- Detecting CXX compiler ABI info
[0.562s] -- Detecting CXX compiler ABI info - done
[0.576s] -- Check for working CXX compiler: /usr/bin/c++ - skipped
[0.576s] -- Detecting CXX compile features
[0.577s] -- Detecting CXX compile features - done
[0.586s] -- Found ament_cmake: 1.3.4 (/opt/ros/humble/share/ament_cmake/cmake)
[0.859s] -- Found Python3: /usr/bin/python3.10 (found version "3.10.6") found components: Interpreter 
[1.027s] -- Found geometry_msgs: 4.2.3 (/opt/ros/humble/share/geometry_msgs/cmake)
[1.107s] -- Found rosidl_generator_c: 3.1.4 (/opt/ros/humble/share/rosidl_generator_c/cmake)
[1.117s] -- Found rosidl_adapter: 3.1.4 (/opt/ros/humble/share/rosidl_adapter/cmake)
[1.134s] -- Found rosidl_generator_cpp: 3.1.4 (/opt/ros/humble/share/rosidl_generator_cpp/cmake)
[1.162s] -- Using all available rosidl_typesupport_c: rosidl_typesupport_fastrtps_c;rosidl_typesupport_introspection_c
[1.197s] -- Using all available rosidl_typesupport_cpp: rosidl_typesupport_fastrtps_cpp;rosidl_typesupport_introspection_cpp
[1.391s] -- Found rosidl_default_generators: 1.2.0 (/opt/ros/humble/share/rosidl_default_generators/cmake)
[1.706s] Error parsing '/home/htootayzaaung/ROS2/workspace/src/tutorial_interfaces/package.xml':
[1.781s] Traceback (most recent call last):
[1.781s]   File "/usr/lib/python3/dist-packages/catkin_pkg/package.py", line 610, in parse_package_string
[1.793s]     root = dom.parseString(data)
[1.793s]   File "/usr/lib/python3.10/xml/dom/minidom.py", line 1998, in parseString
[1.794s]     return expatbuilder.parseString(string)
[1.794s]   File "/usr/lib/python3.10/xml/dom/expatbuilder.py", line 925, in parseString
[1.794s]     return builder.parseString(string)
[1.795s]   File "/usr/lib/python3.10/xml/dom/expatbuilder.py", line 223, in parseString
[1.795s]     parser.Parse(string, True)
[1.795s] xml.parsers.expat.ExpatError: mismatched tag: line 26, column 2
[1.795s] 
[1.796s] During handling of the above exception, another exception occurred:
[1.796s] 
[1.796s] Traceback (most recent call last):
[1.796s]   File "/opt/ros/humble/share/ament_cmake_core/cmake/core/package_xml_2_cmake.py", line 150, in <module>
[1.796s]     main()
[1.796s]   File "/opt/ros/humble/share/ament_cmake_core/cmake/core/package_xml_2_cmake.py", line 53, in main
[1.797s]     raise e
[1.797s]   File "/opt/ros/humble/share/ament_cmake_core/cmake/core/package_xml_2_cmake.py", line 49, in main
[1.797s]     package = parse_package_string(
[1.797s]   File "/usr/lib/python3/dist-packages/catkin_pkg/package.py", line 612, in parse_package_string
[1.797s]     raise InvalidPackage('The manifest contains invalid XML:\n%s' % ex, filename)
[1.797s] catkin_pkg.package.InvalidPackage: Error(s) in package '/home/htootayzaaung/ROS2/workspace/src/tutorial_interfaces/package.xml':
[1.798s] The manifest contains invalid XML:
[1.798s] mismatched tag: line 26, column 2
[1.822s] [31mCMake Error at /opt/ros/humble/share/ament_cmake_core/cmake/core/ament_package_xml.cmake:95 (message):
[1.822s]   execute_process(/usr/bin/python3.10
[1.822s]   /opt/ros/humble/share/ament_cmake_core/cmake/core/package_xml_2_cmake.py
[1.822s]   /home/htootayzaaung/ROS2/workspace/src/tutorial_interfaces/package.xml
[1.823s]   /home/htootayzaaung/ROS2/workspace/build/tutorial_interfaces/ament_cmake_core/package.cmake)
[1.823s]   returned error code 1
[1.823s] Call Stack (most recent call first):
[1.823s]   /opt/ros/humble/share/ament_cmake_core/cmake/core/ament_package_xml.cmake:49 (_ament_package_xml)
[1.823s]   /opt/ros/humble/share/rosidl_cmake/cmake/rosidl_generate_interfaces.cmake:226 (ament_package_xml)
[1.823s]   CMakeLists.txt:13 (rosidl_generate_interfaces)
[1.823s] 
[1.823s] [0m
[1.823s] -- Configuring incomplete, errors occurred!
[1.823s] See also "/home/htootayzaaung/ROS2/workspace/build/tutorial_interfaces/CMakeFiles/CMakeOutput.log".
[1.836s] Invoked command in '/home/htootayzaaung/ROS2/workspace/build/tutorial_interfaces' returned '1': /usr/bin/cmake /home/htootayzaaung/ROS2/workspace/src/tutorial_interfaces -DCMAKE_INSTALL_PREFIX=/home/htootayzaaung/ROS2/workspace/install/tutorial_interfaces
